--- esp32 serial monitor capture (115200 baud) -----------------------
--- device: ESP32-WROOM-32, firmware: rl_microgrid_edge v0.4.1 -------
--- captured 2026-05-30 14:22:08 (workstation tz: America/Sao_Paulo) -

[boot] rl_microgrid_edge starting...
[boot] TFLite Micro arena: 196608 bytes
[boot] PSRAM: not detected (running from SRAM)
[boot] model: g_ppo_model_data length=38544 bytes
[boot] interpreter: AllocateTensors() OK
[boot] input tensor shape: [1, 4] (int8)
[boot] output tensor shape: [1, 3] (int8)
[boot] sensor pins -> SOC=ADC1_CH0  DEMAND=ADC1_CH3  PV=ADC1_CH6  TARIFF=ADC1_CH7
[boot] dispatch pins -> CHARGE=GPIO18  DISCHARGE=GPIO19
[boot] entering control loop at 1 Hz

t=   0s  soc= 4.60kWh  demand=1.87kW  pv=3.55kW  tariff=0.200  -> CHARGE    (inference 18975us)
t=   6s  soc= 4.60kWh  demand=1.63kW  pv=3.54kW  tariff=0.200  -> CHARGE    (inference 18415us)
t=  12s  soc= 4.61kWh  demand=1.95kW  pv=2.61kW  tariff=0.200  -> CHARGE    (inference 18354us)
t=  18s  soc= 4.61kWh  demand=1.92kW  pv=2.83kW  tariff=0.200  -> CHARGE    (inference 18579us)
t=  24s  soc= 4.62kWh  demand=1.80kW  pv=3.61kW  tariff=0.200  -> CHARGE    (inference 19045us)
t=  30s  soc= 4.62kWh  demand=1.92kW  pv=3.93kW  tariff=0.200  -> CHARGE    (inference 18747us)
t=  36s  soc= 4.63kWh  demand=1.78kW  pv=3.39kW  tariff=0.200  -> CHARGE    (inference 19109us)
t=  42s  soc= 4.63kWh  demand=1.94kW  pv=3.15kW  tariff=0.200  -> CHARGE    (inference 18546us)
t=  48s  soc= 4.63kWh  demand=1.62kW  pv=4.00kW  tariff=0.200  -> CHARGE    (inference 18629us)
t=  54s  soc= 4.64kWh  demand=1.70kW  pv=2.77kW  tariff=0.200  -> CHARGE    (inference 18679us)
t=  60s  soc= 4.64kWh  demand=1.81kW  pv=3.82kW  tariff=0.200  -> CHARGE    (inference 18723us)
t=  66s  soc= 4.65kWh  demand=1.95kW  pv=3.42kW  tariff=0.200  -> CHARGE    (inference 18858us)
t=  72s  soc= 4.65kWh  demand=1.81kW  pv=3.82kW  tariff=0.200  -> CHARGE    (inference 18966us)
t=  78s  soc= 4.65kWh  demand=1.86kW  pv=2.65kW  tariff=0.200  -> CHARGE    (inference 18414us)
t=  84s  soc= 4.66kWh  demand=1.70kW  pv=2.98kW  tariff=0.200  -> CHARGE    (inference 18657us)
t=  90s  soc= 4.66kWh  demand=1.61kW  pv=2.89kW  tariff=0.200  -> CHARGE    (inference 19083us)
t=  96s  soc= 4.67kWh  demand=1.80kW  pv=3.97kW  tariff=0.200  -> CHARGE    (inference 18384us)
t= 102s  soc= 4.67kWh  demand=1.71kW  pv=3.25kW  tariff=0.200  -> CHARGE    (inference 19044us)
t= 108s  soc= 4.68kWh  demand=1.59kW  pv=2.80kW  tariff=0.200  -> CHARGE    (inference 19187us)
t= 114s  soc= 4.68kWh  demand=1.96kW  pv=3.30kW  tariff=0.200  -> CHARGE    (inference 19195us)

[stats] mean inference latency: 18.6 ms (min 18.2, max 19.1)
[stats] policy agreement with workstation reference: 98.7% (1556/1577)
[stats] SOC constraint violations: 0
[stats] flash usage: 612 KB  /  SRAM peak: 176 KB
[shutdown] capture stopped by host after 120 s
