# Q_LEARNING training started 2026-04-22 17:05:49
# args={'algo': 'q_learning', 'data': 'data/microgrid_data.csv', 'output': 'output', 'timesteps': 50000, 'seed': 42}
step=  1000 eps=0.968 running_reward=-322.64
step=  2000 eps=0.937 running_reward=-630.45
step=  3000 eps=0.905 running_reward=-907.42
step=  4000 eps=0.873 running_reward=-1173.29
step=  5000 eps=0.842 running_reward=-1413.15
step=  6000 eps=0.810 running_reward=-1656.71
step=  7000 eps=0.778 running_reward=-1869.78
step=  8000 eps=0.747 running_reward=-2042.52
step=  9000 eps=0.715 running_reward=-2258.37
step= 10000 eps=0.683 running_reward=-2433.20
step= 11000 eps=0.652 running_reward=-2574.71
step= 12000 eps=0.620 running_reward=-2720.51
step= 13000 eps=0.588 running_reward=-2897.51
step= 14000 eps=0.557 running_reward=-3026.15
step= 15000 eps=0.525 running_reward=-3146.84
step= 16000 eps=0.493 running_reward=-3253.96
step= 17000 eps=0.462 running_reward=-3386.27
step= 18000 eps=0.430 running_reward=-3483.80
step= 19000 eps=0.398 running_reward=-3572.40
step= 20000 eps=0.367 running_reward=-3665.69
step= 21000 eps=0.335 running_reward=-3756.88
step= 22000 eps=0.303 running_reward=-3834.18
step= 23000 eps=0.272 running_reward=-3918.24
step= 24000 eps=0.240 running_reward=-3978.50
step= 25000 eps=0.208 running_reward=-4043.60
step= 26000 eps=0.177 running_reward=-4100.30
step= 27000 eps=0.145 running_reward=-4163.38
step= 28000 eps=0.113 running_reward=-4208.28
step= 29000 eps=0.082 running_reward=-4253.65
step= 30000 eps=0.050 running_reward=-4306.99
step= 31000 eps=0.050 running_reward=-4348.91
step= 32000 eps=0.050 running_reward=-4391.98
step= 33000 eps=0.050 running_reward=-4430.47
step= 34000 eps=0.050 running_reward=-4471.85
step= 35000 eps=0.050 running_reward=-4496.85
step= 36000 eps=0.050 running_reward=-4531.32
step= 37000 eps=0.050 running_reward=-4542.95
step= 38000 eps=0.050 running_reward=-4574.38
step= 39000 eps=0.050 running_reward=-4609.39
step= 40000 eps=0.050 running_reward=-4642.45
step= 41000 eps=0.050 running_reward=-4667.57
step= 42000 eps=0.050 running_reward=-4670.03
step= 43000 eps=0.050 running_reward=-4697.00
step= 44000 eps=0.050 running_reward=-4713.54
step= 45000 eps=0.050 running_reward=-4748.44
step= 46000 eps=0.050 running_reward=-4743.06
step= 47000 eps=0.050 running_reward=-4761.81
step= 48000 eps=0.050 running_reward=-4788.33
step= 49000 eps=0.050 running_reward=-4796.32
step= 50000 eps=0.050 running_reward=-4802.69
# wall_time_seconds=246.8
# saved=output/model/q_table.npy
